// Jest Snapshot v1, https://goo.gl/fbAQLP

exports[`Shop component matches snapshot 1`] = `
<div>
  <div
    class="home"
  >
    <h1
      class="page-header-text"
    >
      Home
    </h1>
    <div
      class="home-content"
    >
      <p
        class="home-super-important-disclaimer"
      >
        This isn't a real shop, but it's still sorta neat.
      </p>
      <a
        href="/shop"
      >
        Go To Shop
      </a>
    </div>
  </div>
</div>
`;
