// Jest Snapshot v1, https://goo.gl/fbAQLP

exports[`Shop component matches snapshot 1`] = `
<div>
  <div
    class="shop"
  >
    <h1
      class="page-header-text"
    >
      Shop
    </h1>
    <div
      class="shop-content"
    >
      <div
        class="shop-items"
      />
    </div>
    <div
      class="cart-summary"
    >
      <p>
        View Cart | Your cart is empty.
      </p>
    </div>
  </div>
</div>
`;
